                              1 ;--------------------------------------------------------
                              2 ; File Created by SDCC : free open source ANSI-C Compiler
                              3 ; Version 2.7.0 #4818 (May 31 2007)
                              4 ; This file generated Sun Jun  8 18:00:24 2008
                              5 ;--------------------------------------------------------
                              6 	.module led_device
                              7 	.optsdcc -mmcs51 --model-small
                              8 	
                              9 ;--------------------------------------------------------
                             10 ; Public variables in this module
                             11 ;--------------------------------------------------------
                             12 	.globl _gate_pixels_out_PARM_2
                             13 	.globl _led_store8_offset_PARM_2
                             14 	.globl _ncols_perpanel
                             15 	.globl _nrows_perpanel
                             16 	.globl _led_col_of_panel
                             17 	.globl _led_row_of_panel
                             18 	.globl _led_data1_masks_1_1
                             19 	.globl _led_store1_masks_1_1
                             20 	.globl _CY
                             21 	.globl _AC
                             22 	.globl _F0
                             23 	.globl _RS1
                             24 	.globl _RS0
                             25 	.globl _OV
                             26 	.globl _FL
                             27 	.globl _P
                             28 	.globl _TF2
                             29 	.globl _EXF2
                             30 	.globl _RCLK
                             31 	.globl _TCLK
                             32 	.globl _EXEN2
                             33 	.globl _TR2
                             34 	.globl _C_T2
                             35 	.globl _CP_RL2
                             36 	.globl _T2CON_7
                             37 	.globl _T2CON_6
                             38 	.globl _T2CON_5
                             39 	.globl _T2CON_4
                             40 	.globl _T2CON_3
                             41 	.globl _T2CON_2
                             42 	.globl _T2CON_1
                             43 	.globl _T2CON_0
                             44 	.globl _PT2
                             45 	.globl _PS
                             46 	.globl _PT1
                             47 	.globl _PX1
                             48 	.globl _PT0
                             49 	.globl _PX0
                             50 	.globl _RD
                             51 	.globl _WR
                             52 	.globl _T1
                             53 	.globl _T0
                             54 	.globl _INT1
                             55 	.globl _INT0
                             56 	.globl _TXD
                             57 	.globl _RXD
                             58 	.globl _P3_7
                             59 	.globl _P3_6
                             60 	.globl _P3_5
                             61 	.globl _P3_4
                             62 	.globl _P3_3
                             63 	.globl _P3_2
                             64 	.globl _P3_1
                             65 	.globl _P3_0
                             66 	.globl _EA
                             67 	.globl _ET2
                             68 	.globl _ES
                             69 	.globl _ET1
                             70 	.globl _EX1
                             71 	.globl _ET0
                             72 	.globl _EX0
                             73 	.globl _P2_7
                             74 	.globl _P2_6
                             75 	.globl _P2_5
                             76 	.globl _P2_4
                             77 	.globl _P2_3
                             78 	.globl _P2_2
                             79 	.globl _P2_1
                             80 	.globl _P2_0
                             81 	.globl _SM0
                             82 	.globl _SM1
                             83 	.globl _SM2
                             84 	.globl _REN
                             85 	.globl _TB8
                             86 	.globl _RB8
                             87 	.globl _TI
                             88 	.globl _RI
                             89 	.globl _T2EX
                             90 	.globl _T2
                             91 	.globl _P1_7
                             92 	.globl _P1_6
                             93 	.globl _P1_5
                             94 	.globl _P1_4
                             95 	.globl _P1_3
                             96 	.globl _P1_2
                             97 	.globl _P1_1
                             98 	.globl _P1_0
                             99 	.globl _TF1
                            100 	.globl _TR1
                            101 	.globl _TF0
                            102 	.globl _TR0
                            103 	.globl _IE1
                            104 	.globl _IT1
                            105 	.globl _IE0
                            106 	.globl _IT0
                            107 	.globl _P0_7
                            108 	.globl _P0_6
                            109 	.globl _P0_5
                            110 	.globl _P0_4
                            111 	.globl _P0_3
                            112 	.globl _P0_2
                            113 	.globl _P0_1
                            114 	.globl _P0_0
                            115 	.globl _B
                            116 	.globl _A
                            117 	.globl _ACC
                            118 	.globl _PSW
                            119 	.globl _TH2
                            120 	.globl _TL2
                            121 	.globl _RCAP2H
                            122 	.globl _RCAP2L
                            123 	.globl _T2MOD
                            124 	.globl _T2CON
                            125 	.globl _IP
                            126 	.globl _P3
                            127 	.globl _IE
                            128 	.globl _P2
                            129 	.globl _SBUF
                            130 	.globl _SCON
                            131 	.globl _P1
                            132 	.globl _TH1
                            133 	.globl _TH0
                            134 	.globl _TL1
                            135 	.globl _TL0
                            136 	.globl _TMOD
                            137 	.globl _TCON
                            138 	.globl _PCON
                            139 	.globl _DPH
                            140 	.globl _DPL
                            141 	.globl _SP
                            142 	.globl _P0
                            143 	.globl _led_data
                            144 	.globl _led_store_in_panel_PARM_1
                            145 	.globl _led_store1_PARM_1
                            146 	.globl _led_store_in_panel_PARM_4
                            147 	.globl _led_store_in_panel_PARM_3
                            148 	.globl _led_data1_PARM_2
                            149 	.globl _led_store1_PARM_3
                            150 	.globl _led_data8_PARM_2
                            151 	.globl _led_store8_PARM_3
                            152 	.globl _led_store8_PARM_2
                            153 	.globl _led_store8_offset
                            154 	.globl _led_store8
                            155 	.globl _led_data8
                            156 	.globl _led_store1
                            157 	.globl _led_data1
                            158 	.globl _led_store_in_panel
                            159 	.globl _led_datarefresh
                            160 	.globl _gate_pixels_out
                            161 	.globl _putchar
                            162 	.globl _getchar
                            163 	.globl _sleep_ms
                            164 ;--------------------------------------------------------
                            165 ; special function registers
                            166 ;--------------------------------------------------------
                            167 	.area RSEG    (DATA)
                    0080    168 _P0	=	0x0080
                    0081    169 _SP	=	0x0081
                    0082    170 _DPL	=	0x0082
                    0083    171 _DPH	=	0x0083
                    0087    172 _PCON	=	0x0087
                    0088    173 _TCON	=	0x0088
                    0089    174 _TMOD	=	0x0089
                    008A    175 _TL0	=	0x008a
                    008B    176 _TL1	=	0x008b
                    008C    177 _TH0	=	0x008c
                    008D    178 _TH1	=	0x008d
                    0090    179 _P1	=	0x0090
                    0098    180 _SCON	=	0x0098
                    0099    181 _SBUF	=	0x0099
                    00A0    182 _P2	=	0x00a0
                    00A8    183 _IE	=	0x00a8
                    00B0    184 _P3	=	0x00b0
                    00B8    185 _IP	=	0x00b8
                    00C8    186 _T2CON	=	0x00c8
                    00C9    187 _T2MOD	=	0x00c9
                    00CA    188 _RCAP2L	=	0x00ca
                    00CB    189 _RCAP2H	=	0x00cb
                    00CC    190 _TL2	=	0x00cc
                    00CD    191 _TH2	=	0x00cd
                    00D0    192 _PSW	=	0x00d0
                    00E0    193 _ACC	=	0x00e0
                    00E0    194 _A	=	0x00e0
                    00F0    195 _B	=	0x00f0
                            196 ;--------------------------------------------------------
                            197 ; special function bits
                            198 ;--------------------------------------------------------
                            199 	.area RSEG    (DATA)
                    0080    200 _P0_0	=	0x0080
                    0081    201 _P0_1	=	0x0081
                    0082    202 _P0_2	=	0x0082
                    0083    203 _P0_3	=	0x0083
                    0084    204 _P0_4	=	0x0084
                    0085    205 _P0_5	=	0x0085
                    0086    206 _P0_6	=	0x0086
                    0087    207 _P0_7	=	0x0087
                    0088    208 _IT0	=	0x0088
                    0089    209 _IE0	=	0x0089
                    008A    210 _IT1	=	0x008a
                    008B    211 _IE1	=	0x008b
                    008C    212 _TR0	=	0x008c
                    008D    213 _TF0	=	0x008d
                    008E    214 _TR1	=	0x008e
                    008F    215 _TF1	=	0x008f
                    0090    216 _P1_0	=	0x0090
                    0091    217 _P1_1	=	0x0091
                    0092    218 _P1_2	=	0x0092
                    0093    219 _P1_3	=	0x0093
                    0094    220 _P1_4	=	0x0094
                    0095    221 _P1_5	=	0x0095
                    0096    222 _P1_6	=	0x0096
                    0097    223 _P1_7	=	0x0097
                    0090    224 _T2	=	0x0090
                    0091    225 _T2EX	=	0x0091
                    0098    226 _RI	=	0x0098
                    0099    227 _TI	=	0x0099
                    009A    228 _RB8	=	0x009a
                    009B    229 _TB8	=	0x009b
                    009C    230 _REN	=	0x009c
                    009D    231 _SM2	=	0x009d
                    009E    232 _SM1	=	0x009e
                    009F    233 _SM0	=	0x009f
                    00A0    234 _P2_0	=	0x00a0
                    00A1    235 _P2_1	=	0x00a1
                    00A2    236 _P2_2	=	0x00a2
                    00A3    237 _P2_3	=	0x00a3
                    00A4    238 _P2_4	=	0x00a4
                    00A5    239 _P2_5	=	0x00a5
                    00A6    240 _P2_6	=	0x00a6
                    00A7    241 _P2_7	=	0x00a7
                    00A8    242 _EX0	=	0x00a8
                    00A9    243 _ET0	=	0x00a9
                    00AA    244 _EX1	=	0x00aa
                    00AB    245 _ET1	=	0x00ab
                    00AC    246 _ES	=	0x00ac
                    00AD    247 _ET2	=	0x00ad
                    00AF    248 _EA	=	0x00af
                    00B0    249 _P3_0	=	0x00b0
                    00B1    250 _P3_1	=	0x00b1
                    00B2    251 _P3_2	=	0x00b2
                    00B3    252 _P3_3	=	0x00b3
                    00B4    253 _P3_4	=	0x00b4
                    00B5    254 _P3_5	=	0x00b5
                    00B6    255 _P3_6	=	0x00b6
                    00B7    256 _P3_7	=	0x00b7
                    00B0    257 _RXD	=	0x00b0
                    00B1    258 _TXD	=	0x00b1
                    00B2    259 _INT0	=	0x00b2
                    00B3    260 _INT1	=	0x00b3
                    00B4    261 _T0	=	0x00b4
                    00B5    262 _T1	=	0x00b5
                    00B6    263 _WR	=	0x00b6
                    00B7    264 _RD	=	0x00b7
                    00B8    265 _PX0	=	0x00b8
                    00B9    266 _PT0	=	0x00b9
                    00BA    267 _PX1	=	0x00ba
                    00BB    268 _PT1	=	0x00bb
                    00BC    269 _PS	=	0x00bc
                    00BD    270 _PT2	=	0x00bd
                    00C8    271 _T2CON_0	=	0x00c8
                    00C9    272 _T2CON_1	=	0x00c9
                    00CA    273 _T2CON_2	=	0x00ca
                    00CB    274 _T2CON_3	=	0x00cb
                    00CC    275 _T2CON_4	=	0x00cc
                    00CD    276 _T2CON_5	=	0x00cd
                    00CE    277 _T2CON_6	=	0x00ce
                    00CF    278 _T2CON_7	=	0x00cf
                    00C8    279 _CP_RL2	=	0x00c8
                    00C9    280 _C_T2	=	0x00c9
                    00CA    281 _TR2	=	0x00ca
                    00CB    282 _EXEN2	=	0x00cb
                    00CC    283 _TCLK	=	0x00cc
                    00CD    284 _RCLK	=	0x00cd
                    00CE    285 _EXF2	=	0x00ce
                    00CF    286 _TF2	=	0x00cf
                    00D0    287 _P	=	0x00d0
                    00D1    288 _FL	=	0x00d1
                    00D2    289 _OV	=	0x00d2
                    00D3    290 _RS0	=	0x00d3
                    00D4    291 _RS1	=	0x00d4
                    00D5    292 _F0	=	0x00d5
                    00D6    293 _AC	=	0x00d6
                    00D7    294 _CY	=	0x00d7
                            295 ;--------------------------------------------------------
                            296 ; overlayable register banks
                            297 ;--------------------------------------------------------
                            298 	.area REG_BANK_0	(REL,OVR,DATA)
   0000                     299 	.ds 8
                            300 ;--------------------------------------------------------
                            301 ; internal ram data
                            302 ;--------------------------------------------------------
                            303 	.area DSEG    (DATA)
   0000                     304 _led_store8_PARM_2:
   0000                     305 	.ds 1
   0001                     306 _led_store8_PARM_3:
   0001                     307 	.ds 1
   0002                     308 _led_data8_PARM_2:
   0002                     309 	.ds 1
   0003                     310 _led_store1_PARM_3:
   0003                     311 	.ds 1
   0004                     312 _led_data1_PARM_2:
   0004                     313 	.ds 1
   0005                     314 _led_store_in_panel_PARM_3:
   0005                     315 	.ds 1
   0006                     316 _led_store_in_panel_PARM_4:
   0006                     317 	.ds 1
                            318 ;--------------------------------------------------------
                            319 ; overlayable items in internal ram 
                            320 ;--------------------------------------------------------
                            321 	.area	OSEG    (OVR,DATA)
   0000                     322 _led_store8_offset_PARM_2::
   0000                     323 	.ds 2
                            324 	.area	OSEG    (OVR,DATA)
   0000                     325 _gate_pixels_out_PARM_2::
   0000                     326 	.ds 2
                            327 	.area	OSEG    (OVR,DATA)
                            328 ;--------------------------------------------------------
                            329 ; indirectly addressable internal ram data
                            330 ;--------------------------------------------------------
                            331 	.area ISEG    (DATA)
                            332 ;--------------------------------------------------------
                            333 ; absolute internal ram data
                            334 ;--------------------------------------------------------
                            335 	.area IABS    (ABS,DATA)
                            336 	.area IABS    (ABS,DATA)
                            337 ;--------------------------------------------------------
                            338 ; bit data
                            339 ;--------------------------------------------------------
                            340 	.area BSEG    (BIT)
   0000                     341 _led_store1_PARM_1:
   0000                     342 	.ds 1
   0001                     343 _led_store_in_panel_PARM_1:
   0001                     344 	.ds 1
   0002                     345 _gate_pixels_out_firsttime_1_1:
   0002                     346 	.ds 1
                            347 ;--------------------------------------------------------
                            348 ; paged external ram data
                            349 ;--------------------------------------------------------
                            350 	.area PSEG    (PAG,XDATA)
                            351 ;--------------------------------------------------------
                            352 ; external ram data
                            353 ;--------------------------------------------------------
                            354 	.area XSEG    (XDATA)
   0000                     355 _led_data::
   0000                     356 	.ds 512
                            357 ;--------------------------------------------------------
                            358 ; absolute external ram data
                            359 ;--------------------------------------------------------
                            360 	.area XABS    (ABS,XDATA)
                            361 ;--------------------------------------------------------
                            362 ; external initialized ram data
                            363 ;--------------------------------------------------------
                            364 	.area XISEG   (XDATA)
                            365 	.area HOME    (CODE)
                            366 	.area GSINIT0 (CODE)
                            367 	.area GSINIT1 (CODE)
                            368 	.area GSINIT2 (CODE)
                            369 	.area GSINIT3 (CODE)
                            370 	.area GSINIT4 (CODE)
                            371 	.area GSINIT5 (CODE)
                            372 	.area GSINIT  (CODE)
                            373 	.area GSFINAL (CODE)
                            374 	.area CSEG    (CODE)
                            375 ;--------------------------------------------------------
                            376 ; global & static initialisations
                            377 ;--------------------------------------------------------
                            378 	.area HOME    (CODE)
                            379 	.area GSINIT  (CODE)
                            380 	.area GSFINAL (CODE)
                            381 	.area GSINIT  (CODE)
                            382 ;------------------------------------------------------------
                            383 ;Allocation info for local variables in function 'gate_pixels_out'
                            384 ;------------------------------------------------------------
                            385 ;nbytes                    Allocated with name '_gate_pixels_out_PARM_2'
                            386 ;pixeldata                 Allocated to registers r2 r3 
                            387 ;databits                  Allocated to registers r6 
                            388 ;k                         Allocated to registers r7 
                            389 ;------------------------------------------------------------
                            390 ;	led_device.c:300: static BIT firsttime = 1;
   0000 D2*02               391 	setb	_gate_pixels_out_firsttime_1_1
                            392 ;--------------------------------------------------------
                            393 ; Home
                            394 ;--------------------------------------------------------
                            395 	.area HOME    (CODE)
                            396 	.area HOME    (CODE)
                            397 ;--------------------------------------------------------
                            398 ; code
                            399 ;--------------------------------------------------------
                            400 	.area CSEG    (CODE)
                            401 ;------------------------------------------------------------
                            402 ;Allocation info for local variables in function 'led_store8_offset'
                            403 ;------------------------------------------------------------
                            404 ;offset                    Allocated with name '_led_store8_offset_PARM_2'
                            405 ;databits                  Allocated to registers r2 
                            406 ;------------------------------------------------------------
                            407 ;	led_device.c:117: void  led_store8_offset( u_int8 databits, unsigned int offset )
                            408 ;	-----------------------------------------
                            409 ;	 function led_store8_offset
                            410 ;	-----------------------------------------
   0000                     411 _led_store8_offset:
                    0002    412 	ar2 = 0x02
                    0003    413 	ar3 = 0x03
                    0004    414 	ar4 = 0x04
                    0005    415 	ar5 = 0x05
                    0006    416 	ar6 = 0x06
                    0007    417 	ar7 = 0x07
                    0000    418 	ar0 = 0x00
                    0001    419 	ar1 = 0x01
   0000 AA 82               420 	mov	r2,dpl
                            421 ;	led_device.c:119: led_data[offset] = databits;
   0002 E5*00               422 	mov	a,_led_store8_offset_PARM_2
   0004 24r00               423 	add	a,#_led_data
   0006 F5 82               424 	mov	dpl,a
   0008 E5*01               425 	mov	a,(_led_store8_offset_PARM_2 + 1)
   000A 34s00               426 	addc	a,#(_led_data >> 8)
   000C F5 83               427 	mov	dph,a
   000E EA                  428 	mov	a,r2
   000F F0                  429 	movx	@dptr,a
   0010 22                  430 	ret
                            431 ;------------------------------------------------------------
                            432 ;Allocation info for local variables in function 'led_store8'
                            433 ;------------------------------------------------------------
                            434 ;row                       Allocated with name '_led_store8_PARM_2'
                            435 ;col                       Allocated with name '_led_store8_PARM_3'
                            436 ;databits                  Allocated to registers r2 
                            437 ;offset                    Allocated to registers r3 r4 
                            438 ;------------------------------------------------------------
                            439 ;	led_device.c:130: void  led_store8( u_int8 databits, u_int8 row, u_int8 col )
                            440 ;	-----------------------------------------
                            441 ;	 function led_store8
                            442 ;	-----------------------------------------
   0011                     443 _led_store8:
   0011 AA 82               444 	mov	r2,dpl
                            445 ;	led_device.c:132: unsigned int offset = ( ( col - 1 ) * nrows_div_8 ) + (( row - 1) >> 3 );
   0013 AB*01               446 	mov	r3,_led_store8_PARM_3
   0015 7C 00               447 	mov	r4,#0x00
   0017 EB                  448 	mov	a,r3
   0018 24 FF               449 	add	a,#0xff
   001A F5 82               450 	mov	dpl,a
   001C EC                  451 	mov	a,r4
   001D 34 FF               452 	addc	a,#0xff
   001F F5 83               453 	mov	dph,a
   0021 85*00*00            454 	mov	__mulint_PARM_2,_nrows_div_8
   0024 75*01 00            455 	mov	(__mulint_PARM_2 + 1),#0x00
   0027 C0 02               456 	push	ar2
   0029 12s00r00            457 	lcall	__mulint
   002C AB 82               458 	mov	r3,dpl
   002E AC 83               459 	mov	r4,dph
   0030 D0 02               460 	pop	ar2
   0032 AD*00               461 	mov	r5,_led_store8_PARM_2
   0034 7E 00               462 	mov	r6,#0x00
   0036 1D                  463 	dec	r5
   0037 BD FF 01            464 	cjne	r5,#0xff,00103$
   003A 1E                  465 	dec	r6
   003B                     466 00103$:
   003B EE                  467 	mov	a,r6
   003C C4                  468 	swap	a
   003D 23                  469 	rl	a
   003E CD                  470 	xch	a,r5
   003F C4                  471 	swap	a
   0040 23                  472 	rl	a
   0041 54 1F               473 	anl	a,#0x1f
   0043 6D                  474 	xrl	a,r5
   0044 CD                  475 	xch	a,r5
   0045 54 1F               476 	anl	a,#0x1f
   0047 CD                  477 	xch	a,r5
   0048 6D                  478 	xrl	a,r5
   0049 CD                  479 	xch	a,r5
   004A 30 E4 02            480 	jnb	acc.4,00104$
   004D 44 E0               481 	orl	a,#0xe0
   004F                     482 00104$:
   004F FE                  483 	mov	r6,a
   0050 ED                  484 	mov	a,r5
   0051 2B                  485 	add	a,r3
   0052 FB                  486 	mov	r3,a
   0053 EE                  487 	mov	a,r6
   0054 3C                  488 	addc	a,r4
   0055 FC                  489 	mov	r4,a
                            490 ;	led_device.c:133: led_data[offset] = databits;
   0056 EB                  491 	mov	a,r3
   0057 24r00               492 	add	a,#_led_data
   0059 F5 82               493 	mov	dpl,a
   005B EC                  494 	mov	a,r4
   005C 34s00               495 	addc	a,#(_led_data >> 8)
   005E F5 83               496 	mov	dph,a
   0060 EA                  497 	mov	a,r2
   0061 F0                  498 	movx	@dptr,a
   0062 22                  499 	ret
                            500 ;------------------------------------------------------------
                            501 ;Allocation info for local variables in function 'led_data8'
                            502 ;------------------------------------------------------------
                            503 ;col                       Allocated with name '_led_data8_PARM_2'
                            504 ;row                       Allocated to registers r2 
                            505 ;offset                    Allocated to registers r3 r4 
                            506 ;databits                  Allocated to registers r2 
                            507 ;------------------------------------------------------------
                            508 ;	led_device.c:145: u_int8  led_data8( u_int8 row, u_int8 col )
                            509 ;	-----------------------------------------
                            510 ;	 function led_data8
                            511 ;	-----------------------------------------
   0063                     512 _led_data8:
   0063 AA 82               513 	mov	r2,dpl
                            514 ;	led_device.c:147: unsigned int offset = ( ( col - 1 ) * nrows_div_8 ) + (( row - 1) >> 3 );
   0065 AB*02               515 	mov	r3,_led_data8_PARM_2
   0067 7C 00               516 	mov	r4,#0x00
   0069 EB                  517 	mov	a,r3
   006A 24 FF               518 	add	a,#0xff
   006C F5 82               519 	mov	dpl,a
   006E EC                  520 	mov	a,r4
   006F 34 FF               521 	addc	a,#0xff
   0071 F5 83               522 	mov	dph,a
   0073 85*00*00            523 	mov	__mulint_PARM_2,_nrows_div_8
   0076 75*01 00            524 	mov	(__mulint_PARM_2 + 1),#0x00
   0079 C0 02               525 	push	ar2
   007B 12s00r00            526 	lcall	__mulint
   007E AB 82               527 	mov	r3,dpl
   0080 AC 83               528 	mov	r4,dph
   0082 D0 02               529 	pop	ar2
   0084 7D 00               530 	mov	r5,#0x00
   0086 1A                  531 	dec	r2
   0087 BA FF 01            532 	cjne	r2,#0xff,00103$
   008A 1D                  533 	dec	r5
   008B                     534 00103$:
   008B ED                  535 	mov	a,r5
   008C C4                  536 	swap	a
   008D 23                  537 	rl	a
   008E CA                  538 	xch	a,r2
   008F C4                  539 	swap	a
   0090 23                  540 	rl	a
   0091 54 1F               541 	anl	a,#0x1f
   0093 6A                  542 	xrl	a,r2
   0094 CA                  543 	xch	a,r2
   0095 54 1F               544 	anl	a,#0x1f
   0097 CA                  545 	xch	a,r2
   0098 6A                  546 	xrl	a,r2
   0099 CA                  547 	xch	a,r2
   009A 30 E4 02            548 	jnb	acc.4,00104$
   009D 44 E0               549 	orl	a,#0xe0
   009F                     550 00104$:
   009F FD                  551 	mov	r5,a
   00A0 EA                  552 	mov	a,r2
   00A1 2B                  553 	add	a,r3
   00A2 FB                  554 	mov	r3,a
   00A3 ED                  555 	mov	a,r5
   00A4 3C                  556 	addc	a,r4
   00A5 FC                  557 	mov	r4,a
                            558 ;	led_device.c:148: u_int8 databits  = led_data[offset];
   00A6 EB                  559 	mov	a,r3
   00A7 24r00               560 	add	a,#_led_data
   00A9 F5 82               561 	mov	dpl,a
   00AB EC                  562 	mov	a,r4
   00AC 34s00               563 	addc	a,#(_led_data >> 8)
   00AE F5 83               564 	mov	dph,a
   00B0 E0                  565 	movx	a,@dptr
                            566 ;	led_device.c:151: return ( databits );
   00B1 F5 82               567 	mov	dpl,a
   00B3 22                  568 	ret
                            569 ;------------------------------------------------------------
                            570 ;Allocation info for local variables in function 'led_store1'
                            571 ;------------------------------------------------------------
                            572 ;col                       Allocated with name '_led_store1_PARM_3'
                            573 ;row                       Allocated to registers r2 
                            574 ;tmp                       Allocated to registers r3 
                            575 ;mask                      Allocated to registers r4 
                            576 ;------------------------------------------------------------
                            577 ;	led_device.c:162: void  led_store1( BIT singlebit, u_int8 row, u_int8 col )
                            578 ;	-----------------------------------------
                            579 ;	 function led_store1
                            580 ;	-----------------------------------------
   00B4                     581 _led_store1:
                            582 ;	led_device.c:164: u_int8 tmp = led_data8( row, col );
   00B4 AA 82               583 	mov	r2,dpl
   00B6 85*03*02            584 	mov	_led_data8_PARM_2,_led_store1_PARM_3
   00B9 C0 02               585 	push	ar2
   00BB 12s00r63            586 	lcall	_led_data8
   00BE AB 82               587 	mov	r3,dpl
   00C0 D0 02               588 	pop	ar2
                            589 ;	led_device.c:166: u_int8 mask = masks[row-1 & 7];
   00C2 EA                  590 	mov	a,r2
   00C3 14                  591 	dec	a
   00C4 54 07               592 	anl	a,#0x07
   00C6 90s00r00            593 	mov	dptr,#_led_store1_masks_1_1
   00C9 93                  594 	movc	a,@a+dptr
   00CA FC                  595 	mov	r4,a
                            596 ;	led_device.c:170: if ( singlebit ) {
   00CB 30*00 05            597 	jnb	_led_store1_PARM_1,00102$
                            598 ;	led_device.c:171: tmp |= mask;
   00CE EC                  599 	mov	a,r4
   00CF 42 03               600 	orl	ar3,a
   00D1 80 05               601 	sjmp	00103$
   00D3                     602 00102$:
                            603 ;	led_device.c:173: tmp &= ~mask;
   00D3 EC                  604 	mov	a,r4
   00D4 F4                  605 	cpl	a
   00D5 FC                  606 	mov	r4,a
   00D6 52 03               607 	anl	ar3,a
   00D8                     608 00103$:
                            609 ;	led_device.c:175: led_store8( tmp, row, col );
   00D8 8A*00               610 	mov	_led_store8_PARM_2,r2
   00DA 85*03*01            611 	mov	_led_store8_PARM_3,_led_store1_PARM_3
   00DD 8B 82               612 	mov	dpl,r3
   00DF 02s00r11            613 	ljmp	_led_store8
                            614 ;------------------------------------------------------------
                            615 ;Allocation info for local variables in function 'led_data1'
                            616 ;------------------------------------------------------------
                            617 ;col                       Allocated with name '_led_data1_PARM_2'
                            618 ;row                       Allocated to registers r2 
                            619 ;tmp                       Allocated to registers r3 
                            620 ;mask                      Allocated to registers r2 
                            621 ;------------------------------------------------------------
                            622 ;	led_device.c:187: u_int8  led_data1( u_int8 row, u_int8 col )
                            623 ;	-----------------------------------------
                            624 ;	 function led_data1
                            625 ;	-----------------------------------------
   00E2                     626 _led_data1:
                            627 ;	led_device.c:189: u_int8 tmp = led_data8( row, col );
   00E2 AA 82               628 	mov	r2,dpl
   00E4 85*04*02            629 	mov	_led_data8_PARM_2,_led_data1_PARM_2
   00E7 C0 02               630 	push	ar2
   00E9 12s00r63            631 	lcall	_led_data8
   00EC AB 82               632 	mov	r3,dpl
   00EE D0 02               633 	pop	ar2
                            634 ;	led_device.c:191: u_int8 mask = masks[row-1 & 7];
   00F0 EA                  635 	mov	a,r2
   00F1 14                  636 	dec	a
   00F2 54 07               637 	anl	a,#0x07
   00F4 90s00r08            638 	mov	dptr,#_led_data1_masks_1_1
   00F7 93                  639 	movc	a,@a+dptr
                            640 ;	led_device.c:192: return ( (tmp & mask ) ? 1 : 0 );
   00F8 FA                  641 	mov	r2,a
   00F9 5B                  642 	anl	a,r3
   00FA 60 04               643 	jz	00103$
   00FC 7A 01               644 	mov	r2,#0x01
   00FE 80 02               645 	sjmp	00104$
   0100                     646 00103$:
   0100 7A 00               647 	mov	r2,#0x00
   0102                     648 00104$:
   0102 8A 82               649 	mov	dpl,r2
   0104 22                  650 	ret
                            651 ;------------------------------------------------------------
                            652 ;Allocation info for local variables in function 'led_store_in_panel'
                            653 ;------------------------------------------------------------
                            654 ;row                       Allocated with name '_led_store_in_panel_PARM_3'
                            655 ;col                       Allocated with name '_led_store_in_panel_PARM_4'
                            656 ;panel                     Allocated to registers r2 
                            657 ;------------------------------------------------------------
                            658 ;	led_device.c:250: void  led_store_in_panel( BIT singlebit, u_int8 panel, u_int8 row, u_int8 col )
                            659 ;	-----------------------------------------
                            660 ;	 function led_store_in_panel
                            661 ;	-----------------------------------------
   0105                     662 _led_store_in_panel:
                            663 ;	led_device.c:252: led_store1( singlebit, led_row_of_panel[panel] + row - 1,
   0105 E5 82               664 	mov	a,dpl
   0107 FA                  665 	mov	r2,a
   0108 90s00r10            666 	mov	dptr,#_led_row_of_panel
   010B 93                  667 	movc	a,@a+dptr
   010C FB                  668 	mov	r3,a
   010D E5*05               669 	mov	a,_led_store_in_panel_PARM_3
   010F 2B                  670 	add	a,r3
   0110 14                  671 	dec	a
   0111 FB                  672 	mov	r3,a
                            673 ;	led_device.c:253: led_col_of_panel[panel] + col - 1 );
   0112 EA                  674 	mov	a,r2
   0113 90s00r26            675 	mov	dptr,#_led_col_of_panel
   0116 93                  676 	movc	a,@a+dptr
   0117 FA                  677 	mov	r2,a
   0118 E5*06               678 	mov	a,_led_store_in_panel_PARM_4
   011A 2A                  679 	add	a,r2
   011B 14                  680 	dec	a
   011C F5*03               681 	mov	_led_store1_PARM_3,a
   011E A2*01               682 	mov	c,_led_store_in_panel_PARM_1
   0120 92*00               683 	mov	_led_store1_PARM_1,c
   0122 8B 82               684 	mov	dpl,r3
   0124 02s00rB4            685 	ljmp	_led_store1
                            686 ;------------------------------------------------------------
                            687 ;Allocation info for local variables in function 'led_datarefresh'
                            688 ;------------------------------------------------------------
                            689 ;n                         Allocated to registers r2 r3 
                            690 ;------------------------------------------------------------
                            691 ;	led_device.c:268: void  led_datarefresh( int n )
                            692 ;	-----------------------------------------
                            693 ;	 function led_datarefresh
                            694 ;	-----------------------------------------
   0127                     695 _led_datarefresh:
   0127 AA 82               696 	mov	r2,dpl
   0129 AB 83               697 	mov	r3,dph
                            698 ;	led_device.c:270: if ( n ) {
   012B EA                  699 	mov	a,r2
   012C 4B                  700 	orl	a,r3
   012D 60 19               701 	jz	00102$
                            702 ;	led_device.c:271: gate_pixels_out ( &led_data[n-1], /*nbytes*/ n ) ;
   012F EA                  703 	mov	a,r2
   0130 24 FF               704 	add	a,#0xff
   0132 FC                  705 	mov	r4,a
   0133 EB                  706 	mov	a,r3
   0134 34 FF               707 	addc	a,#0xff
   0136 FD                  708 	mov	r5,a
   0137 EC                  709 	mov	a,r4
   0138 24r00               710 	add	a,#_led_data
   013A F5 82               711 	mov	dpl,a
   013C ED                  712 	mov	a,r5
   013D 34s00               713 	addc	a,#(_led_data >> 8)
   013F F5 83               714 	mov	dph,a
   0141 8A*00               715 	mov	_gate_pixels_out_PARM_2,r2
   0143 8B*01               716 	mov	(_gate_pixels_out_PARM_2 + 1),r3
   0145 02s01r65            717 	ljmp	_gate_pixels_out
   0148                     718 00102$:
                            719 ;	led_device.c:274: gate_pixels_out ( &led_data[nled_boards-1], /*nbytes*/ nled_boards ) ;
   0148 E5*00               720 	mov	a,_nled_boards
   014A 24 FF               721 	add	a,#0xff
   014C FA                  722 	mov	r2,a
   014D E5*01               723 	mov	a,(_nled_boards + 1)
   014F 34 FF               724 	addc	a,#0xff
   0151 FB                  725 	mov	r3,a
   0152 EA                  726 	mov	a,r2
   0153 24r00               727 	add	a,#_led_data
   0155 F5 82               728 	mov	dpl,a
   0157 EB                  729 	mov	a,r3
   0158 34s00               730 	addc	a,#(_led_data >> 8)
   015A F5 83               731 	mov	dph,a
   015C 85*00*00            732 	mov	_gate_pixels_out_PARM_2,_nled_boards
   015F 85*01*01            733 	mov	(_gate_pixels_out_PARM_2 + 1),(_nled_boards + 1)
   0162 02s01r65            734 	ljmp	_gate_pixels_out
                            735 ;------------------------------------------------------------
                            736 ;Allocation info for local variables in function 'gate_pixels_out'
                            737 ;------------------------------------------------------------
                            738 ;nbytes                    Allocated with name '_gate_pixels_out_PARM_2'
                            739 ;pixeldata                 Allocated to registers r2 r3 
                            740 ;databits                  Allocated to registers r6 
                            741 ;k                         Allocated to registers r7 
                            742 ;------------------------------------------------------------
                            743 ;	led_device.c:295: void gate_pixels_out ( unsigned char XDATA *pixeldata, int nbytes )
                            744 ;	-----------------------------------------
                            745 ;	 function gate_pixels_out
                            746 ;	-----------------------------------------
   0165                     747 _gate_pixels_out:
   0165 AA 82               748 	mov	r2,dpl
   0167 AB 83               749 	mov	r3,dph
                            750 ;	led_device.c:302: if ( firsttime ) {
   0169 30*02 0B            751 	jnb	_gate_pixels_out_firsttime_1_1,00102$
                            752 ;	led_device.c:303: OE = 1;                     // output enable storage register
   016C D2 93               753 	setb	_P1_3
                            754 ;	led_device.c:304: STCLK1 = 1;                 // clock storage        ____
   016E D2 97               755 	setb	_P1_7
                            756 ;	led_device.c:305: NOP;                        // 2 u-sec pulse    ___/    \___
   0170 00                  757 	 nop 
                            758 ;	led_device.c:306: STCLK1 = 0;
   0171 C2 97               759 	clr	_P1_7
                            760 ;	led_device.c:307: firsttime = 0;
   0173 C2*02               761 	clr	_gate_pixels_out_firsttime_1_1
                            762 ;	led_device.c:308: OE = 0;
   0175 C2 93               763 	clr	_P1_3
   0177                     764 00102$:
                            765 ;	led_device.c:311: OE = 0;         // output enable latch must start low
   0177 C2 93               766 	clr	_P1_3
                            767 ;	led_device.c:312: NOP;
   0179 00                  768 	 nop 
                            769 ;	led_device.c:313: CP = 0;
   017A C2 95               770 	clr	_P1_5
   017C AC*00               771 	mov	r4,_gate_pixels_out_PARM_2
   017E AD*01               772 	mov	r5,(_gate_pixels_out_PARM_2 + 1)
   0180                     773 00107$:
                            774 ;	led_device.c:314: for ( ; nbytes > 0 ; nbytes--, pixeldata-- ) {
   0180 C3                  775 	clr	c
   0181 E4                  776 	clr	a
   0182 9C                  777 	subb	a,r4
   0183 74 80               778 	mov	a,#(0x00 ^ 0x80)
   0185 8D F0               779 	mov	b,r5
   0187 63 F0 80            780 	xrl	b,#0x80
   018A 95 F0               781 	subb	a,b
   018C 50 32               782 	jnc	00110$
                            783 ;	led_device.c:317: databits = *pixeldata;
   018E 8A 82               784 	mov	dpl,r2
   0190 8B 83               785 	mov	dph,r3
   0192 E0                  786 	movx	a,@dptr
   0193 FE                  787 	mov	r6,a
                            788 ;	led_device.c:321: for ( k = 7 ; k >= 0 ; k-- ) {
   0194 7F 07               789 	mov	r7,#0x07
   0196                     790 00103$:
   0196 EF                  791 	mov	a,r7
   0197 20 E7 1A            792 	jb	acc.7,00109$
                            793 ;	led_device.c:322: pixel = (databits & 0x80)  ? 0 : 1;     // take (and invert) the high order bit
   019A EE                  794 	mov	a,r6
   019B 30 E7 04            795 	jnb	acc.7,00113$
   019E 78 00               796 	mov	r0,#0x00
   01A0 80 02               797 	sjmp	00114$
   01A2                     798 00113$:
   01A2 78 01               799 	mov	r0,#0x01
   01A4                     800 00114$:
   01A4 E8                  801 	mov	a,r0
   01A5 24 FF               802 	add	a,#0xff
   01A7 92 91               803 	mov	_P1_1,c
                            804 ;	led_device.c:324: CP = 1;                 // clock shift reg.     ____
   01A9 D2 95               805 	setb	_P1_5
                            806 ;	led_device.c:325: NOP;                    // 2 u-sec pulse    ___/    \___
   01AB 00                  807 	 nop 
                            808 ;	led_device.c:326: CP = 0;
   01AC C2 95               809 	clr	_P1_5
                            810 ;	led_device.c:327: databits <<= 1;
   01AE EE                  811 	mov	a,r6
   01AF 2E                  812 	add	a,r6
   01B0 FE                  813 	mov	r6,a
                            814 ;	led_device.c:321: for ( k = 7 ; k >= 0 ; k-- ) {
   01B1 1F                  815 	dec	r7
   01B2 80 E2               816 	sjmp	00103$
   01B4                     817 00109$:
                            818 ;	led_device.c:314: for ( ; nbytes > 0 ; nbytes--, pixeldata-- ) {
   01B4 1C                  819 	dec	r4
   01B5 BC FF 01            820 	cjne	r4,#0xff,00127$
   01B8 1D                  821 	dec	r5
   01B9                     822 00127$:
   01B9 1A                  823 	dec	r2
   01BA BA FF 01            824 	cjne	r2,#0xff,00128$
   01BD 1B                  825 	dec	r3
   01BE                     826 00128$:
   01BE 80 C0               827 	sjmp	00107$
   01C0                     828 00110$:
                            829 ;	led_device.c:331: OE = 1;                         // output enable storage register
   01C0 D2 93               830 	setb	_P1_3
                            831 ;	led_device.c:332: STCLK1 = 1;                     // clock storage        ____
   01C2 D2 97               832 	setb	_P1_7
                            833 ;	led_device.c:333: NOP;                            // 2 u-sec pulse    ___/    \___
   01C4 00                  834 	 nop 
                            835 ;	led_device.c:334: STCLK1 = 0;
   01C5 C2 97               836 	clr	_P1_7
                            837 ;	led_device.c:335: OE = 0;
   01C7 C2 93               838 	clr	_P1_3
   01C9 22                  839 	ret
                            840 ;------------------------------------------------------------
                            841 ;Allocation info for local variables in function 'putchar'
                            842 ;------------------------------------------------------------
                            843 ;c                         Allocated to registers r2 
                            844 ;------------------------------------------------------------
                            845 ;	led_device.c:348: void  putchar( char c )
                            846 ;	-----------------------------------------
                            847 ;	 function putchar
                            848 ;	-----------------------------------------
   01CA                     849 _putchar:
                            850 ;	led_device.c:350: ser_putc(c);
   01CA AA 82               851 	mov  r2,dpl
   01CC C0 02               852 	push	ar2
   01CE 12s00r00            853 	lcall	_ser_putc
   01D1 D0 02               854 	pop	ar2
                            855 ;	led_device.c:351: if ( c == '\n' ) ser_putc( '\r' );
   01D3 BA 0A 06            856 	cjne	r2,#0x0A,00103$
   01D6 75 82 0D            857 	mov	dpl,#0x0D
   01D9 02s00r00            858 	ljmp	_ser_putc
   01DC                     859 00103$:
   01DC 22                  860 	ret
                            861 ;------------------------------------------------------------
                            862 ;Allocation info for local variables in function 'getchar'
                            863 ;------------------------------------------------------------
                            864 ;------------------------------------------------------------
                            865 ;	led_device.c:360: char  getchar()
                            866 ;	-----------------------------------------
                            867 ;	 function getchar
                            868 ;	-----------------------------------------
   01DD                     869 _getchar:
                            870 ;	led_device.c:362: return (ser_getc());
   01DD 02s00r00            871 	ljmp	_ser_getc
                            872 ;------------------------------------------------------------
                            873 ;Allocation info for local variables in function 'sleep_ms'
                            874 ;------------------------------------------------------------
                            875 ;n                         Allocated to registers r2 r3 
                            876 ;k                         Allocated to registers r4 r5 
                            877 ;------------------------------------------------------------
                            878 ;	led_device.c:373: void  sleep_ms( unsigned int n )
                            879 ;	-----------------------------------------
                            880 ;	 function sleep_ms
                            881 ;	-----------------------------------------
   01E0                     882 _sleep_ms:
   01E0 AA 82               883 	mov	r2,dpl
   01E2 AB 83               884 	mov	r3,dph
                            885 ;	led_device.c:377: for ( n; --n; ) {
   01E4                     886 00104$:
   01E4 1A                  887 	dec	r2
   01E5 BA FF 01            888 	cjne	r2,#0xff,00114$
   01E8 1B                  889 	dec	r3
   01E9                     890 00114$:
   01E9 EA                  891 	mov	a,r2
   01EA 4B                  892 	orl	a,r3
   01EB 60 0F               893 	jz	00107$
                            894 ;	led_device.c:378: for ( k = 320; --k; ) {
   01ED 7C 40               895 	mov	r4,#0x40
   01EF 7D 01               896 	mov	r5,#0x01
   01F1                     897 00101$:
   01F1 1C                  898 	dec	r4
   01F2 BC FF 01            899 	cjne	r4,#0xff,00116$
   01F5 1D                  900 	dec	r5
   01F6                     901 00116$:
   01F6 EC                  902 	mov	a,r4
   01F7 4D                  903 	orl	a,r5
   01F8 60 EA               904 	jz	00104$
   01FA 80 F5               905 	sjmp	00101$
   01FC                     906 00107$:
   01FC 22                  907 	ret
                            908 	.area CSEG    (CODE)
                            909 	.area CONST   (CODE)
   0000                     910 _led_store1_masks_1_1:
   0000 01                  911 	.db #0x01
   0001 02                  912 	.db #0x02
   0002 04                  913 	.db #0x04
   0003 08                  914 	.db #0x08
   0004 10                  915 	.db #0x10
   0005 20                  916 	.db #0x20
   0006 40                  917 	.db #0x40
   0007 80                  918 	.db #0x80
   0008                     919 _led_data1_masks_1_1:
   0008 01                  920 	.db #0x01
   0009 02                  921 	.db #0x02
   000A 04                  922 	.db #0x04
   000B 08                  923 	.db #0x08
   000C 10                  924 	.db #0x10
   000D 20                  925 	.db #0x20
   000E 40                  926 	.db #0x40
   000F 80                  927 	.db #0x80
   0010                     928 _led_row_of_panel:
   0010 01                  929 	.db #0x01
   0011 01                  930 	.db #0x01
   0012 11                  931 	.db #0x11
   0013 27                  932 	.db #0x27
   0014 01                  933 	.db #0x01
   0015 11                  934 	.db #0x11
   0016 27                  935 	.db #0x27
   0017 01                  936 	.db #0x01
   0018 11                  937 	.db #0x11
   0019 27                  938 	.db #0x27
   001A 01                  939 	.db #0x01
   001B 11                  940 	.db #0x11
   001C 27                  941 	.db #0x27
   001D 01                  942 	.db #0x01
   001E 11                  943 	.db #0x11
   001F 27                  944 	.db #0x27
   0020 01                  945 	.db #0x01
   0021 11                  946 	.db #0x11
   0022 27                  947 	.db #0x27
   0023 01                  948 	.db #0x01
   0024 11                  949 	.db #0x11
   0025 27                  950 	.db #0x27
   0026                     951 _led_col_of_panel:
   0026 01                  952 	.db #0x01
   0027 01                  953 	.db #0x01
   0028 01                  954 	.db #0x01
   0029 01                  955 	.db #0x01
   002A 06                  956 	.db #0x06
   002B 06                  957 	.db #0x06
   002C 06                  958 	.db #0x06
   002D 0C                  959 	.db #0x0C
   002E 0C                  960 	.db #0x0C
   002F 0C                  961 	.db #0x0C
   0030 12                  962 	.db #0x12
   0031 12                  963 	.db #0x12
   0032 12                  964 	.db #0x12
   0033 18                  965 	.db #0x18
   0034 18                  966 	.db #0x18
   0035 18                  967 	.db #0x18
   0036 1E                  968 	.db #0x1E
   0037 1E                  969 	.db #0x1E
   0038 1E                  970 	.db #0x1E
   0039 24                  971 	.db #0x24
   003A 24                  972 	.db #0x24
   003B 24                  973 	.db #0x24
   003C                     974 _nrows_perpanel:
   003C 38                  975 	.db #0x38
   003D 10                  976 	.db #0x10
   003E 16                  977 	.db #0x16
   003F 12                  978 	.db #0x12
   0040 10                  979 	.db #0x10
   0041 16                  980 	.db #0x16
   0042 12                  981 	.db #0x12
   0043 10                  982 	.db #0x10
   0044 16                  983 	.db #0x16
   0045 12                  984 	.db #0x12
   0046 10                  985 	.db #0x10
   0047 16                  986 	.db #0x16
   0048 12                  987 	.db #0x12
   0049 10                  988 	.db #0x10
   004A 16                  989 	.db #0x16
   004B 12                  990 	.db #0x12
   004C 10                  991 	.db #0x10
   004D 16                  992 	.db #0x16
   004E 12                  993 	.db #0x12
   004F 10                  994 	.db #0x10
   0050 16                  995 	.db #0x16
   0051 12                  996 	.db #0x12
   0052                     997 _ncols_perpanel:
   0052 28                  998 	.db #0x28
   0053 05                  999 	.db #0x05
   0054 05                 1000 	.db #0x05
   0055 05                 1001 	.db #0x05
   0056 06                 1002 	.db #0x06
   0057 06                 1003 	.db #0x06
   0058 06                 1004 	.db #0x06
   0059 06                 1005 	.db #0x06
   005A 06                 1006 	.db #0x06
   005B 06                 1007 	.db #0x06
   005C 06                 1008 	.db #0x06
   005D 06                 1009 	.db #0x06
   005E 06                 1010 	.db #0x06
   005F 06                 1011 	.db #0x06
   0060 06                 1012 	.db #0x06
   0061 06                 1013 	.db #0x06
   0062 06                 1014 	.db #0x06
   0063 06                 1015 	.db #0x06
   0064 06                 1016 	.db #0x06
   0065 05                 1017 	.db #0x05
   0066 05                 1018 	.db #0x05
   0067 05                 1019 	.db #0x05
                           1020 	.area XINIT   (CODE)
                           1021 	.area CABS    (ABS,CODE)
