                              1 ;--------------------------------------------------------
                              2 ; File Created by SDCC : free open source ANSI-C Compiler
                              3 ; Version 2.7.0 #4818 (May 31 2007)
                              4 ; This file generated Sun Jun  8 18:00:25 2008
                              5 ;--------------------------------------------------------
                              6 	.module ser_ir
                              7 	.optsdcc -mmcs51 --model-small
                              8 	
                              9 ;--------------------------------------------------------
                             10 ; Public variables in this module
                             11 ;--------------------------------------------------------
                             12 	.globl _CY
                             13 	.globl _AC
                             14 	.globl _F0
                             15 	.globl _RS1
                             16 	.globl _RS0
                             17 	.globl _OV
                             18 	.globl _F1
                             19 	.globl _P
                             20 	.globl _PS
                             21 	.globl _PT1
                             22 	.globl _PX1
                             23 	.globl _PT0
                             24 	.globl _PX0
                             25 	.globl _RD
                             26 	.globl _WR
                             27 	.globl _T1
                             28 	.globl _T0
                             29 	.globl _INT1
                             30 	.globl _INT0
                             31 	.globl _TXD
                             32 	.globl _RXD
                             33 	.globl _P3_7
                             34 	.globl _P3_6
                             35 	.globl _P3_5
                             36 	.globl _P3_4
                             37 	.globl _P3_3
                             38 	.globl _P3_2
                             39 	.globl _P3_1
                             40 	.globl _P3_0
                             41 	.globl _EA
                             42 	.globl _ES
                             43 	.globl _ET1
                             44 	.globl _EX1
                             45 	.globl _ET0
                             46 	.globl _EX0
                             47 	.globl _P2_7
                             48 	.globl _P2_6
                             49 	.globl _P2_5
                             50 	.globl _P2_4
                             51 	.globl _P2_3
                             52 	.globl _P2_2
                             53 	.globl _P2_1
                             54 	.globl _P2_0
                             55 	.globl _SM0
                             56 	.globl _SM1
                             57 	.globl _SM2
                             58 	.globl _REN
                             59 	.globl _TB8
                             60 	.globl _RB8
                             61 	.globl _TI
                             62 	.globl _RI
                             63 	.globl _P1_7
                             64 	.globl _P1_6
                             65 	.globl _P1_5
                             66 	.globl _P1_4
                             67 	.globl _P1_3
                             68 	.globl _P1_2
                             69 	.globl _P1_1
                             70 	.globl _P1_0
                             71 	.globl _TF1
                             72 	.globl _TR1
                             73 	.globl _TF0
                             74 	.globl _TR0
                             75 	.globl _IE1
                             76 	.globl _IT1
                             77 	.globl _IE0
                             78 	.globl _IT0
                             79 	.globl _P0_7
                             80 	.globl _P0_6
                             81 	.globl _P0_5
                             82 	.globl _P0_4
                             83 	.globl _P0_3
                             84 	.globl _P0_2
                             85 	.globl _P0_1
                             86 	.globl _P0_0
                             87 	.globl _CKCON
                             88 	.globl _B
                             89 	.globl _ACC
                             90 	.globl _PSW
                             91 	.globl _IP
                             92 	.globl _P3
                             93 	.globl _IE
                             94 	.globl _P2
                             95 	.globl _SBUF
                             96 	.globl _SCON
                             97 	.globl _P1
                             98 	.globl _TH1
                             99 	.globl _TH0
                            100 	.globl _TL1
                            101 	.globl _TL0
                            102 	.globl _TMOD
                            103 	.globl _TCON
                            104 	.globl _PCON
                            105 	.globl _DPH
                            106 	.globl _DPL
                            107 	.globl _SP
                            108 	.globl _P0
                            109 	.globl _ser_gets_PARM_2
                            110 	.globl _ser_init
                            111 	.globl _ser_handler
                            112 	.globl _ser_putc
                            113 	.globl _ser_getc
                            114 	.globl _ser_puts
                            115 	.globl _ser_gets
                            116 	.globl _ser_can_xmt
                            117 	.globl _ser_can_rcv
                            118 ;--------------------------------------------------------
                            119 ; special function registers
                            120 ;--------------------------------------------------------
                            121 	.area RSEG    (DATA)
                    0080    122 _P0	=	0x0080
                    0081    123 _SP	=	0x0081
                    0082    124 _DPL	=	0x0082
                    0083    125 _DPH	=	0x0083
                    0087    126 _PCON	=	0x0087
                    0088    127 _TCON	=	0x0088
                    0089    128 _TMOD	=	0x0089
                    008A    129 _TL0	=	0x008a
                    008B    130 _TL1	=	0x008b
                    008C    131 _TH0	=	0x008c
                    008D    132 _TH1	=	0x008d
                    0090    133 _P1	=	0x0090
                    0098    134 _SCON	=	0x0098
                    0099    135 _SBUF	=	0x0099
                    00A0    136 _P2	=	0x00a0
                    00A8    137 _IE	=	0x00a8
                    00B0    138 _P3	=	0x00b0
                    00B8    139 _IP	=	0x00b8
                    00D0    140 _PSW	=	0x00d0
                    00E0    141 _ACC	=	0x00e0
                    00F0    142 _B	=	0x00f0
                    008F    143 _CKCON	=	0x008f
                            144 ;--------------------------------------------------------
                            145 ; special function bits
                            146 ;--------------------------------------------------------
                            147 	.area RSEG    (DATA)
                    0080    148 _P0_0	=	0x0080
                    0081    149 _P0_1	=	0x0081
                    0082    150 _P0_2	=	0x0082
                    0083    151 _P0_3	=	0x0083
                    0084    152 _P0_4	=	0x0084
                    0085    153 _P0_5	=	0x0085
                    0086    154 _P0_6	=	0x0086
                    0087    155 _P0_7	=	0x0087
                    0088    156 _IT0	=	0x0088
                    0089    157 _IE0	=	0x0089
                    008A    158 _IT1	=	0x008a
                    008B    159 _IE1	=	0x008b
                    008C    160 _TR0	=	0x008c
                    008D    161 _TF0	=	0x008d
                    008E    162 _TR1	=	0x008e
                    008F    163 _TF1	=	0x008f
                    0090    164 _P1_0	=	0x0090
                    0091    165 _P1_1	=	0x0091
                    0092    166 _P1_2	=	0x0092
                    0093    167 _P1_3	=	0x0093
                    0094    168 _P1_4	=	0x0094
                    0095    169 _P1_5	=	0x0095
                    0096    170 _P1_6	=	0x0096
                    0097    171 _P1_7	=	0x0097
                    0098    172 _RI	=	0x0098
                    0099    173 _TI	=	0x0099
                    009A    174 _RB8	=	0x009a
                    009B    175 _TB8	=	0x009b
                    009C    176 _REN	=	0x009c
                    009D    177 _SM2	=	0x009d
                    009E    178 _SM1	=	0x009e
                    009F    179 _SM0	=	0x009f
                    00A0    180 _P2_0	=	0x00a0
                    00A1    181 _P2_1	=	0x00a1
                    00A2    182 _P2_2	=	0x00a2
                    00A3    183 _P2_3	=	0x00a3
                    00A4    184 _P2_4	=	0x00a4
                    00A5    185 _P2_5	=	0x00a5
                    00A6    186 _P2_6	=	0x00a6
                    00A7    187 _P2_7	=	0x00a7
                    00A8    188 _EX0	=	0x00a8
                    00A9    189 _ET0	=	0x00a9
                    00AA    190 _EX1	=	0x00aa
                    00AB    191 _ET1	=	0x00ab
                    00AC    192 _ES	=	0x00ac
                    00AF    193 _EA	=	0x00af
                    00B0    194 _P3_0	=	0x00b0
                    00B1    195 _P3_1	=	0x00b1
                    00B2    196 _P3_2	=	0x00b2
                    00B3    197 _P3_3	=	0x00b3
                    00B4    198 _P3_4	=	0x00b4
                    00B5    199 _P3_5	=	0x00b5
                    00B6    200 _P3_6	=	0x00b6
                    00B7    201 _P3_7	=	0x00b7
                    00B0    202 _RXD	=	0x00b0
                    00B1    203 _TXD	=	0x00b1
                    00B2    204 _INT0	=	0x00b2
                    00B3    205 _INT1	=	0x00b3
                    00B4    206 _T0	=	0x00b4
                    00B5    207 _T1	=	0x00b5
                    00B6    208 _WR	=	0x00b6
                    00B7    209 _RD	=	0x00b7
                    00B8    210 _PX0	=	0x00b8
                    00B9    211 _PT0	=	0x00b9
                    00BA    212 _PX1	=	0x00ba
                    00BB    213 _PT1	=	0x00bb
                    00BC    214 _PS	=	0x00bc
                    00D0    215 _P	=	0x00d0
                    00D1    216 _F1	=	0x00d1
                    00D2    217 _OV	=	0x00d2
                    00D3    218 _RS0	=	0x00d3
                    00D4    219 _RS1	=	0x00d4
                    00D5    220 _F0	=	0x00d5
                    00D6    221 _AC	=	0x00d6
                    00D7    222 _CY	=	0x00d7
                            223 ;--------------------------------------------------------
                            224 ; overlayable register banks
                            225 ;--------------------------------------------------------
                            226 	.area REG_BANK_0	(REL,OVR,DATA)
   0000                     227 	.ds 8
                            228 ;--------------------------------------------------------
                            229 ; internal ram data
                            230 ;--------------------------------------------------------
                            231 	.area DSEG    (DATA)
   0000                     232 _rcnt:
   0000                     233 	.ds 1
   0001                     234 _xcnt:
   0001                     235 	.ds 1
   0002                     236 _rpos:
   0002                     237 	.ds 1
   0003                     238 _xpos:
   0003                     239 	.ds 1
   0004                     240 _ser_gets_PARM_2:
   0004                     241 	.ds 1
                            242 ;--------------------------------------------------------
                            243 ; overlayable items in internal ram 
                            244 ;--------------------------------------------------------
                            245 	.area	OSEG    (OVR,DATA)
                            246 	.area	OSEG    (OVR,DATA)
                            247 ;--------------------------------------------------------
                            248 ; indirectly addressable internal ram data
                            249 ;--------------------------------------------------------
                            250 	.area ISEG    (DATA)
                            251 ;--------------------------------------------------------
                            252 ; absolute internal ram data
                            253 ;--------------------------------------------------------
                            254 	.area IABS    (ABS,DATA)
                            255 	.area IABS    (ABS,DATA)
                            256 ;--------------------------------------------------------
                            257 ; bit data
                            258 ;--------------------------------------------------------
                            259 	.area BSEG    (BIT)
   0000                     260 _busy:
   0000                     261 	.ds 1
                            262 ;--------------------------------------------------------
                            263 ; paged external ram data
                            264 ;--------------------------------------------------------
                            265 	.area PSEG    (PAG,XDATA)
   0000                     266 _rbuf:
   0000                     267 	.ds 40
   0028                     268 _xbuf:
   0028                     269 	.ds 4
                            270 ;--------------------------------------------------------
                            271 ; external ram data
                            272 ;--------------------------------------------------------
                            273 	.area XSEG    (XDATA)
                            274 ;--------------------------------------------------------
                            275 ; absolute external ram data
                            276 ;--------------------------------------------------------
                            277 	.area XABS    (ABS,XDATA)
                            278 ;--------------------------------------------------------
                            279 ; external initialized ram data
                            280 ;--------------------------------------------------------
                            281 	.area XISEG   (XDATA)
                            282 	.area HOME    (CODE)
                            283 	.area GSINIT0 (CODE)
                            284 	.area GSINIT1 (CODE)
                            285 	.area GSINIT2 (CODE)
                            286 	.area GSINIT3 (CODE)
                            287 	.area GSINIT4 (CODE)
                            288 	.area GSINIT5 (CODE)
                            289 	.area GSINIT  (CODE)
                            290 	.area GSFINAL (CODE)
                            291 	.area CSEG    (CODE)
                            292 ;--------------------------------------------------------
                            293 ; global & static initialisations
                            294 ;--------------------------------------------------------
                            295 	.area HOME    (CODE)
                            296 	.area GSINIT  (CODE)
                            297 	.area GSFINAL (CODE)
                            298 	.area GSINIT  (CODE)
                            299 ;--------------------------------------------------------
                            300 ; Home
                            301 ;--------------------------------------------------------
                            302 	.area HOME    (CODE)
                            303 	.area HOME    (CODE)
                            304 ;--------------------------------------------------------
                            305 ; code
                            306 ;--------------------------------------------------------
                            307 	.area CSEG    (CODE)
                            308 ;------------------------------------------------------------
                            309 ;Allocation info for local variables in function 'ser_init'
                            310 ;------------------------------------------------------------
                            311 ;------------------------------------------------------------
                            312 ;	ser_ir.c:52: void ser_init (void)
                            313 ;	-----------------------------------------
                            314 ;	 function ser_init
                            315 ;	-----------------------------------------
   0000                     316 _ser_init:
                    0002    317 	ar2 = 0x02
                    0003    318 	ar3 = 0x03
                    0004    319 	ar4 = 0x04
                    0005    320 	ar5 = 0x05
                    0006    321 	ar6 = 0x06
                    0007    322 	ar7 = 0x07
                    0000    323 	ar0 = 0x00
                    0001    324 	ar1 = 0x01
                            325 ;	ser_ir.c:54: ES = 0;                          /* disable serial interupt */
   0000 C2 AC               326 	clr	_ES
                            327 ;	ser_ir.c:55: rcnt = xcnt = rpos = xpos = 0;   /* init buffers */
   0002 75*03 00            328 	mov	_xpos,#0x00
   0005 75*02 00            329 	mov	_rpos,#0x00
   0008 75*01 00            330 	mov	_xcnt,#0x00
   000B 75*00 00            331 	mov	_rcnt,#0x00
                            332 ;	ser_ir.c:56: busy = 0;
   000E C2*00               333 	clr	_busy
                            334 ;	ser_ir.c:59: CKCON &= 0xFE;                   /* set clock = Standard Mode (12 clock) */
   0010 53 8F FE            335 	anl	_CKCON,#0xFE
                            336 ;	ser_ir.c:60: TMOD = 0x21;                     /* Timer1(8bit-Auto) & Timer0(16 bit) */
   0013 75 89 21            337 	mov	_TMOD,#0x21
                            338 ;	ser_ir.c:61: SCON = 0x50;                     /* serial port mode 1 */
   0016 75 98 50            339 	mov	_SCON,#0x50
                            340 ;	ser_ir.c:65: PS = 1;                          /* serial interrupt high priority */
   0019 D2 BC               341 	setb	_PS
                            342 ;	ser_ir.c:66: ES = 0;                          /* disable serial interrupt */
   001B C2 AC               343 	clr	_ES
                            344 ;	ser_ir.c:67: ET0 = 0;                         /* disable Timer 0 interrupt */
   001D C2 A9               345 	clr	_ET0
                            346 ;	ser_ir.c:68: ET1 = 0;                         /* disable Timer 1 interrupt */
   001F C2 AB               347 	clr	_ET1
                            348 ;	ser_ir.c:74: TH1 = 0xFB;                      /* set baudrate 9600 (18.432Mhz/12 Clock) */
   0021 75 8D FB            349 	mov	_TH1,#0xFB
                            350 ;	ser_ir.c:75: TL1 = 0xFB;
   0024 75 8B FB            351 	mov	_TL1,#0xFB
                            352 ;	ser_ir.c:76: TR0 = 1;                         /* start Timer 0 */
   0027 D2 8C               353 	setb	_TR0
                            354 ;	ser_ir.c:77: TR1 = 1;                         /* start Timer 1 */
   0029 D2 8E               355 	setb	_TR1
                            356 ;	ser_ir.c:78: ES = 1;                          /* enable serial interrupt */
   002B D2 AC               357 	setb	_ES
                            358 ;	ser_ir.c:79: EA = 1;                          /* enable global interrupts */
   002D D2 AF               359 	setb	_EA
   002F 22                  360 	ret
                            361 ;------------------------------------------------------------
                            362 ;Allocation info for local variables in function 'ser_handler'
                            363 ;------------------------------------------------------------
                            364 ;------------------------------------------------------------
                            365 ;	ser_ir.c:82: void ser_handler (void) __interrupt 4
                            366 ;	-----------------------------------------
                            367 ;	 function ser_handler
                            368 ;	-----------------------------------------
   0030                     369 _ser_handler:
   0030 C0 E0               370 	push	acc
   0032 C0 F0               371 	push	b
   0034 C0 02               372 	push	ar2
   0036 C0 00               373 	push	ar0
   0038 C0 D0               374 	push	psw
   003A 75 D0 00            375 	mov	psw,#0x00
                            376 ;	ser_ir.c:84: if (RI) {
                            377 ;	ser_ir.c:85: RI = 0;
   003D 10 98 02            378 	jbc	_RI,00118$
   0040 80 1A               379 	sjmp	00104$
   0042                     380 00118$:
                            381 ;	ser_ir.c:87: if (rcnt < RBUFLEN)
   0042 74 D8               382 	mov	a,#0x100 - 0x28
   0044 25*00               383 	add	a,_rcnt
   0046 40 14               384 	jc	00104$
                            385 ;	ser_ir.c:88: rbuf [(unsigned char)(rpos+rcnt++) % RBUFLEN] = SBUF;
   0048 AA*00               386 	mov	r2,_rcnt
   004A 05*00               387 	inc	_rcnt
   004C EA                  388 	mov	a,r2
   004D 25*02               389 	add	a,_rpos
   004F 75 F0 28            390 	mov	b,#0x28
   0052 84                  391 	div	ab
   0053 AA F0               392 	mov	r2,b
   0055 EA                  393 	mov	a,r2
   0056 24r00               394 	add	a,#_rbuf
   0058 F8                  395 	mov	r0,a
   0059 E5 99               396 	mov	a,_SBUF
   005B F2                  397 	movx	@r0,a
   005C                     398 00104$:
                            399 ;	ser_ir.c:90: if (TI) {
                            400 ;	ser_ir.c:91: TI = 0;
   005C 10 99 02            401 	jbc	_TI,00120$
   005F 80 20               402 	sjmp	00111$
   0061                     403 00120$:
                            404 ;	ser_ir.c:92: if (busy = xcnt) {   /* Assignment, _not_ comparison! */
   0061 E5*01               405 	mov	a,_xcnt
   0063 24 FF               406 	add	a,#0xff
   0065 92*00               407 	mov	_busy,c
   0067 E5*01               408 	mov	a,_xcnt
   0069 60 16               409 	jz	00111$
                            410 ;	ser_ir.c:93: xcnt--;
   006B 15*01               411 	dec	_xcnt
                            412 ;	ser_ir.c:94: SBUF = xbuf [xpos++];
   006D AA*03               413 	mov	r2,_xpos
   006F 05*03               414 	inc	_xpos
   0071 EA                  415 	mov	a,r2
   0072 24r28               416 	add	a,#_xbuf
   0074 F8                  417 	mov	r0,a
   0075 E2                  418 	movx	a,@r0
   0076 F5 99               419 	mov	_SBUF,a
                            420 ;	ser_ir.c:95: if (xpos >= XBUFLEN)
   0078 74 FC               421 	mov	a,#0x100 - 0x04
   007A 25*03               422 	add	a,_xpos
   007C 50 03               423 	jnc	00111$
                            424 ;	ser_ir.c:96: xpos = 0;
   007E 75*03 00            425 	mov	_xpos,#0x00
   0081                     426 00111$:
   0081 D0 D0               427 	pop	psw
   0083 D0 00               428 	pop	ar0
   0085 D0 02               429 	pop	ar2
   0087 D0 F0               430 	pop	b
   0089 D0 E0               431 	pop	acc
   008B 32                  432 	reti
                            433 ;	eliminated unneeded push/pop ar1
                            434 ;	eliminated unneeded push/pop dpl
                            435 ;	eliminated unneeded push/pop dph
                            436 ;------------------------------------------------------------
                            437 ;Allocation info for local variables in function 'ser_putc'
                            438 ;------------------------------------------------------------
                            439 ;c                         Allocated to registers r2 
                            440 ;------------------------------------------------------------
                            441 ;	ser_ir.c:101: void ser_putc (unsigned char c)
                            442 ;	-----------------------------------------
                            443 ;	 function ser_putc
                            444 ;	-----------------------------------------
   008C                     445 _ser_putc:
   008C AA 82               446 	mov	r2,dpl
                            447 ;	ser_ir.c:103: while (xcnt >= XBUFLEN) /* wait for room in buffer */
   008E                     448 00101$:
   008E 74 FC               449 	mov	a,#0x100 - 0x04
   0090 25*01               450 	add	a,_xcnt
   0092 40 FA               451 	jc	00101$
                            452 ;	ser_ir.c:105: ES = 0;
   0094 C2 AC               453 	clr	_ES
                            454 ;	ser_ir.c:106: if (busy) {
   0096 30*00 10            455 	jnb	_busy,00105$
                            456 ;	ser_ir.c:107: xbuf[(unsigned char)(xpos+xcnt++) % XBUFLEN] = c;
   0099 AB*01               457 	mov	r3,_xcnt
   009B 05*01               458 	inc	_xcnt
   009D EB                  459 	mov	a,r3
   009E 25*03               460 	add	a,_xpos
   00A0 54 03               461 	anl	a,#0x03
   00A2 24r28               462 	add	a,#_xbuf
   00A4 F8                  463 	mov	r0,a
   00A5 EA                  464 	mov	a,r2
   00A6 F2                  465 	movx	@r0,a
   00A7 80 04               466 	sjmp	00106$
   00A9                     467 00105$:
                            468 ;	ser_ir.c:109: SBUF = c;
   00A9 8A 99               469 	mov	_SBUF,r2
                            470 ;	ser_ir.c:110: busy = 1;
   00AB D2*00               471 	setb	_busy
   00AD                     472 00106$:
                            473 ;	ser_ir.c:112: ES = 1;
   00AD D2 AC               474 	setb	_ES
   00AF 22                  475 	ret
                            476 ;------------------------------------------------------------
                            477 ;Allocation info for local variables in function 'ser_getc'
                            478 ;------------------------------------------------------------
                            479 ;c                         Allocated to registers r2 
                            480 ;------------------------------------------------------------
                            481 ;	ser_ir.c:115: unsigned char ser_getc (void)
                            482 ;	-----------------------------------------
                            483 ;	 function ser_getc
                            484 ;	-----------------------------------------
   00B0                     485 _ser_getc:
                            486 ;	ser_ir.c:118: while (!rcnt)   /* wait for character */
   00B0                     487 00101$:
   00B0 E5*00               488 	mov	a,_rcnt
   00B2 60 FC               489 	jz	00101$
                            490 ;	ser_ir.c:120: ES = 0;
   00B4 C2 AC               491 	clr	_ES
                            492 ;	ser_ir.c:121: rcnt--;
   00B6 15*00               493 	dec	_rcnt
                            494 ;	ser_ir.c:122: c = rbuf [rpos++];
   00B8 AA*02               495 	mov	r2,_rpos
   00BA 05*02               496 	inc	_rpos
   00BC EA                  497 	mov	a,r2
   00BD 24r00               498 	add	a,#_rbuf
   00BF F8                  499 	mov	r0,a
   00C0 E2                  500 	movx	a,@r0
   00C1 FA                  501 	mov	r2,a
                            502 ;	ser_ir.c:123: if (rpos >= RBUFLEN)
   00C2 74 D8               503 	mov	a,#0x100 - 0x28
   00C4 25*02               504 	add	a,_rpos
   00C6 50 03               505 	jnc	00105$
                            506 ;	ser_ir.c:124: rpos = 0;
   00C8 75*02 00            507 	mov	_rpos,#0x00
   00CB                     508 00105$:
                            509 ;	ser_ir.c:125: ES = 1;
   00CB D2 AC               510 	setb	_ES
                            511 ;	ser_ir.c:126: return (c);
   00CD 8A 82               512 	mov	dpl,r2
   00CF 22                  513 	ret
                            514 ;------------------------------------------------------------
                            515 ;Allocation info for local variables in function 'ser_puts'
                            516 ;------------------------------------------------------------
                            517 ;s                         Allocated to registers r2 r3 r4 
                            518 ;c                         Allocated to registers r6 
                            519 ;------------------------------------------------------------
                            520 ;	ser_ir.c:130: void ser_puts (unsigned char *s)
                            521 ;	-----------------------------------------
                            522 ;	 function ser_puts
                            523 ;	-----------------------------------------
   00D0                     524 _ser_puts:
   00D0 AA 82               525 	mov	r2,dpl
   00D2 AB 83               526 	mov	r3,dph
   00D4 AC F0               527 	mov	r4,b
                            528 ;	ser_ir.c:133: while (c=*s++) {
   00D6                     529 00103$:
   00D6 8A 82               530 	mov	dpl,r2
   00D8 8B 83               531 	mov	dph,r3
   00DA 8C F0               532 	mov	b,r4
   00DC 12s00r00            533 	lcall	__gptrget
   00DF FD                  534 	mov	r5,a
   00E0 A3                  535 	inc	dptr
   00E1 AA 82               536 	mov	r2,dpl
   00E3 AB 83               537 	mov	r3,dph
   00E5 ED                  538 	mov	a,r5
   00E6 FE                  539 	mov	r6,a
   00E7 60 2C               540 	jz	00106$
                            541 ;	ser_ir.c:134: if (c == '\n') ser_putc ('\r');
   00E9 BE 0A 16            542 	cjne	r6,#0x0A,00102$
   00EC 75 82 0D            543 	mov	dpl,#0x0D
   00EF C0 02               544 	push	ar2
   00F1 C0 03               545 	push	ar3
   00F3 C0 04               546 	push	ar4
   00F5 C0 06               547 	push	ar6
   00F7 12s00r8C            548 	lcall	_ser_putc
   00FA D0 06               549 	pop	ar6
   00FC D0 04               550 	pop	ar4
   00FE D0 03               551 	pop	ar3
   0100 D0 02               552 	pop	ar2
   0102                     553 00102$:
                            554 ;	ser_ir.c:135: ser_putc (c);
   0102 8E 82               555 	mov	dpl,r6
   0104 C0 02               556 	push	ar2
   0106 C0 03               557 	push	ar3
   0108 C0 04               558 	push	ar4
   010A 12s00r8C            559 	lcall	_ser_putc
   010D D0 04               560 	pop	ar4
   010F D0 03               561 	pop	ar3
   0111 D0 02               562 	pop	ar2
   0113 80 C1               563 	sjmp	00103$
   0115                     564 00106$:
   0115 22                  565 	ret
                            566 ;------------------------------------------------------------
                            567 ;Allocation info for local variables in function 'ser_gets'
                            568 ;------------------------------------------------------------
                            569 ;len                       Allocated with name '_ser_gets_PARM_2'
                            570 ;s                         Allocated to registers r2 r3 r4 
                            571 ;pos                       Allocated to registers r5 
                            572 ;c                         Allocated to registers r6 
                            573 ;------------------------------------------------------------
                            574 ;	ser_ir.c:139: void ser_gets (unsigned char *s, unsigned char len)
                            575 ;	-----------------------------------------
                            576 ;	 function ser_gets
                            577 ;	-----------------------------------------
   0116                     578 _ser_gets:
   0116 AA 82               579 	mov	r2,dpl
   0118 AB 83               580 	mov	r3,dph
   011A AC F0               581 	mov	r4,b
                            582 ;	ser_ir.c:144: while (pos <= len) {
   011C 7D 00               583 	mov	r5,#0x00
   011E                     584 00108$:
   011E C3                  585 	clr	c
   011F E5*04               586 	mov	a,_ser_gets_PARM_2
   0121 9D                  587 	subb	a,r5
   0122 50 03               588 	jnc	00118$
   0124 02s01rA5            589 	ljmp	00110$
   0127                     590 00118$:
                            591 ;	ser_ir.c:145: while (!rcnt) {           /* while waiting for a character */
   0127                     592 00101$:
   0127 E5*00               593 	mov	a,_rcnt
   0129 70 15               594 	jnz	00103$
                            595 ;	ser_ir.c:146: read_switch();
   012B C0 02               596 	push	ar2
   012D C0 03               597 	push	ar3
   012F C0 04               598 	push	ar4
   0131 C0 05               599 	push	ar5
   0133 12s00r00            600 	lcall	_read_switch
   0136 D0 05               601 	pop	ar5
   0138 D0 04               602 	pop	ar4
   013A D0 03               603 	pop	ar3
   013C D0 02               604 	pop	ar2
   013E 80 E7               605 	sjmp	00101$
   0140                     606 00103$:
                            607 ;	ser_ir.c:148: c = ser_getc ();
   0140 C0 02               608 	push	ar2
   0142 C0 03               609 	push	ar3
   0144 C0 04               610 	push	ar4
   0146 C0 05               611 	push	ar5
   0148 12s00rB0            612 	lcall	_ser_getc
   014B AE 82               613 	mov	r6,dpl
   014D D0 05               614 	pop	ar5
   014F D0 04               615 	pop	ar4
   0151 D0 03               616 	pop	ar3
   0153 D0 02               617 	pop	ar2
                            618 ;	ser_ir.c:150: if (c == '\r') {
   0155 BE 0D 17            619 	cjne	r6,#0x0D,00105$
                            620 ;	ser_ir.c:151: ser_putc(c);
   0158 8E 82               621 	mov	dpl,r6
   015A C0 02               622 	push	ar2
   015C C0 03               623 	push	ar3
   015E C0 04               624 	push	ar4
   0160 C0 05               625 	push	ar5
   0162 12s00r8C            626 	lcall	_ser_putc
   0165 D0 05               627 	pop	ar5
   0167 D0 04               628 	pop	ar4
   0169 D0 03               629 	pop	ar3
   016B D0 02               630 	pop	ar2
                            631 ;	ser_ir.c:152: c = '\n';
   016D 7E 0A               632 	mov	r6,#0x0A
   016F                     633 00105$:
                            634 ;	ser_ir.c:154: ser_putc(c);                 // echoplex
   016F 8E 82               635 	mov	dpl,r6
   0171 C0 02               636 	push	ar2
   0173 C0 03               637 	push	ar3
   0175 C0 04               638 	push	ar4
   0177 C0 05               639 	push	ar5
   0179 C0 06               640 	push	ar6
   017B 12s00r8C            641 	lcall	_ser_putc
   017E D0 06               642 	pop	ar6
   0180 D0 05               643 	pop	ar5
   0182 D0 04               644 	pop	ar4
   0184 D0 03               645 	pop	ar3
   0186 D0 02               646 	pop	ar2
                            647 ;	ser_ir.c:155: s[pos++] = c;
   0188 8D 07               648 	mov	ar7,r5
   018A 0D                  649 	inc	r5
   018B EF                  650 	mov	a,r7
   018C 2A                  651 	add	a,r2
   018D FF                  652 	mov	r7,a
   018E E4                  653 	clr	a
   018F 3B                  654 	addc	a,r3
   0190 F8                  655 	mov	r0,a
   0191 8C 01               656 	mov	ar1,r4
   0193 8F 82               657 	mov	dpl,r7
   0195 88 83               658 	mov	dph,r0
   0197 89 F0               659 	mov	b,r1
   0199 EE                  660 	mov	a,r6
   019A 12s00r00            661 	lcall	__gptrput
                            662 ;	ser_ir.c:156: if (c == '\n') break;           /* NL terminates */
   019D BE 0A 02            663 	cjne	r6,#0x0A,00122$
   01A0 80 03               664 	sjmp	00123$
   01A2                     665 00122$:
   01A2 02s01r1E            666 	ljmp	00108$
   01A5                     667 00123$:
   01A5                     668 00110$:
                            669 ;	ser_ir.c:158: s[pos] = '\0';
   01A5 ED                  670 	mov	a,r5
   01A6 2A                  671 	add	a,r2
   01A7 FA                  672 	mov	r2,a
   01A8 E4                  673 	clr	a
   01A9 3B                  674 	addc	a,r3
   01AA FB                  675 	mov	r3,a
   01AB 8A 82               676 	mov	dpl,r2
   01AD 8B 83               677 	mov	dph,r3
   01AF 8C F0               678 	mov	b,r4
   01B1 E4                  679 	clr	a
   01B2 02s00r00            680 	ljmp	__gptrput
                            681 ;------------------------------------------------------------
                            682 ;Allocation info for local variables in function 'ser_can_xmt'
                            683 ;------------------------------------------------------------
                            684 ;------------------------------------------------------------
                            685 ;	ser_ir.c:161: unsigned char ser_can_xmt (void)
                            686 ;	-----------------------------------------
                            687 ;	 function ser_can_xmt
                            688 ;	-----------------------------------------
   01B5                     689 _ser_can_xmt:
                            690 ;	ser_ir.c:163: return XBUFLEN - xcnt;
   01B5 74 04               691 	mov	a,#0x04
   01B7 C3                  692 	clr	c
   01B8 95*01               693 	subb	a,_xcnt
   01BA F5 82               694 	mov	dpl,a
   01BC 22                  695 	ret
                            696 ;------------------------------------------------------------
                            697 ;Allocation info for local variables in function 'ser_can_rcv'
                            698 ;------------------------------------------------------------
                            699 ;------------------------------------------------------------
                            700 ;	ser_ir.c:166: unsigned char ser_can_rcv (void)
                            701 ;	-----------------------------------------
                            702 ;	 function ser_can_rcv
                            703 ;	-----------------------------------------
   01BD                     704 _ser_can_rcv:
                            705 ;	ser_ir.c:168: return rcnt;
   01BD 85*00 82            706 	mov	dpl,_rcnt
   01C0 22                  707 	ret
                            708 	.area CSEG    (CODE)
                            709 	.area CONST   (CODE)
                            710 	.area XINIT   (CODE)
                            711 	.area CABS    (ABS,CODE)
